> run

> scalikejdbcGenEcho programmers
-$ exists src/main/scala/app/models/Programmers.scala
-$ exists src/test/scala/app/models/ProgrammersSpec.scala
> scalikejdbcGenEcho programmers Programmer
-$ exists src/main/scala/app/models/Programmer.scala
-$ exists src/test/scala/app/models/ProgrammerSpec.scala

> scalikejdbcGenForce programmers
$ exists src/main/scala/app/models/Programmers.scala
$ exists src/test/scala/app/models/ProgrammersSpec.scala
> scalikejdbcGenForce programmers Programmer
$ exists src/main/scala/app/models/Programmer.scala
$ exists src/test/scala/app/models/ProgrammerSpec.scala

$ sleep 1000
> scalikejdbcGenForce programmers
$ newer src/main/scala/app/models/Programmers.scala src/main/scala/app/models/Programmer.scala

> set (scalikejdbc.mapper.SbtKeys.scalikejdbcGeneratorSettings in Compile) ~= {_.copy(autoConstruct = true)}
> scalikejdbcGenEcho programmers
> scalikejdbcGenForce programmers
> + test:compile

> set (scalikejdbc.mapper.SbtKeys.scalikejdbcGeneratorSettings in Compile) ~= {_.copy(defaultAutoSession = false)}
> scalikejdbcGenEcho programmers
> scalikejdbcGenForce programmers
> + test:compile

> set (scalikejdbc.mapper.SbtKeys.scalikejdbcGeneratorSettings in Compile) ~= {_.copy(template ="invalid template name")}
-> scalikejdbcGenEcho programmers
-> scalikejdbcGenForce programmers

